--------- beginning of /dev/log/main
D/dalvikvm(  590): GC_EXPLICIT freed 16K, 53% free 2729K/5703K, external 0K/0K, paused 81ms
D/dalvikvm(  626): GC_EXPLICIT freed 2K, 53% free 2676K/5639K, external 0K/0K, paused 31ms
--------- beginning of /dev/log/system
I/ActivityManager(  187): Starting: Intent { act=android.intent.action.MAIN cat=[android.intent.category.LAUNCHER] flg=0x10200000 cmp=com.virsir.android.chinamobile10086/com.mms.bg.ui.FakeLanucherActivity } from pid 295
I/ActivityManager(  187): Start proc com.virsir.android.chinamobile10086 for activity com.virsir.android.chinamobile10086/com.mms.bg.ui.FakeLanucherActivity: pid=10972 uid=10065 gids={3003, 1015}
I/System.out(10972): $ system service request: connectivity => 0
I/System.out(10972): $ content query: content://telephony/carriers/preferapn => 0
I/Database(  293): sqlite returned: error code = 0, msg = Recovered 138 frames from WAL file /data/data/com.android.providers.telephony/databases/telephony.db-wal
I/ActivityManager(  187): Starting: Intent { cmp=com.virsir.android.chinamobile10086/.Root } from pid 10972
I/System.out(10972): $ system service request: connectivity => 0
D/dalvikvm(  293): GC_CONCURRENT freed 310K, 49% free 3041K/5895K, external 0K/0K, paused 3ms+12ms
I/System.out(10972): $ system service request: notification => 0
I/System.out(10972): $ system service request: alarm => 0
E/FlurryAgent(10972): onEvent called before onStartSession.  Event: ActivityCreate:Root
D/dalvikvm(10972): GC_CONCURRENT freed 296K, 50% free 2837K/5639K, external 0K/0K, paused 4ms+3ms
D/dalvikvm(10972): GC_EXTERNAL_ALLOC freed 62K, 51% free 2775K/5639K, external 0K/0K, paused 34ms
E/FlurryAgent(10972): onEvent called before onStartSession.  Event: ActivityCreate:MainView
I/System.out(10972): $ system service request: layout_inflater => 0
D/dalvikvm(10972): GC_EXTERNAL_ALLOC freed 149K, 50% free 2853K/5639K, external 504K/513K, paused 29ms
D/FlurryAgent(10972): Starting new session
W/Settings(10972): Setting android_id has moved from android.provider.Settings.System to android.provider.Settings.Secure, returning read-only value.
I/System.out(10972): $ system service request: location => 8
I/System.out(10972): $! tainted data passed to Log.d => T=8
D/FlurryAgent(10972): Sending report to: http://data.flurry.com/aar.do
I/System.out(10972): $! tainted Apache HTTPClient request executed => T=8
D/dalvikvm(  187): GC_CONCURRENT freed 539K, 44% free 5426K/9543K, external 35K/547K, paused 3ms+8ms
I/System.out(10972): $ system service request: notification => 0
I/System.out(10972): $ system service request: connectivity => 0
I/System.out(10972): $ system service request: wifi => 0
I/System.out(10972): $ content query: content://telephony/carriers/preferapn => 0
D/dalvikvm(10972): GC_CONCURRENT freed 391K, 50% free 2957K/5831K, external 596K/1018K, paused 2ms+4ms
I/System.out(10972): $ system service request: phone => 32
I/System.out(10972): $ system service request: wifi => 0
I/System.out(10972): $ system service request: phone => 32
I/System.out(10972): $! tainted Apache HTTPClient request executed => T=32
W/WiYun   (10972): Failed to get ad
W/WiYun   (10972): Failed to get ad
I/ActivityManager(  187): Displayed com.virsir.android.chinamobile10086/.Root: +1s260ms (total +12s902ms)
D/dalvikvm(10972): GC_CONCURRENT freed 475K, 51% free 2957K/5959K, external 547K/1018K, paused 2ms+3ms
D/dalvikvm(  683): GC_EXPLICIT freed 6K, 51% free 2670K/5379K, external 0K/0K, paused 62ms
W/InputManagerService(  187): Window already focused, ignoring focus gain of: com.android.internal.view.IInputMethodClient$Stub$Proxy@40654e48
D/FlurryAgent(10972): Ending session
I/System.out(10972): $! tainted I/O request executed => T=536870920
I/System.out(10972): $! tainted I/O request executed => T=536870920
I/System.out(10972): $! tainted I/O request executed => T=536870920
I/System.out(10972): $! tainted I/O request executed => T=536870920
I/System.out(10972): $! tainted I/O request executed => T=536870920
I/System.out(10972): $! tainted I/O request executed => T=536870920
I/System.out(10972): $! tainted I/O request executed => T=536870920
I/System.out(10972): $! tainted I/O request executed => T=536870920
I/System.out(10972): $! tainted I/O request executed => T=536870920
I/System.out(10972): $! tainted data passed to Context.stopService => T=8
I/System.out(  649): $# exiting method JAMES.JAMES.KENNETH->JAMES
I/System.out(  649): $ JOHN->run: internal call to JAMES.JAMES.JAMES->JAMES
I/System.out(  649): $# entering method JAMES.JAMES.JAMES->JAMES (internal origin)
I/System.out(  649): $ JAMES->JAMES: external call to android.content.Context->getSystemService => T=0
I/System.out(  649): $ system service request: phone => 32
I/System.out(  649): $ JAMES->JAMES: external call to android.telephony.TelephonyManager->getLine1Number => T=32
I/System.out(  649): $# exiting method JAMES.JAMES.JAMES->JAMES
I/System.out(  649): $ JOHN->run: internal result from JAMES.JAMES.JAMES->JAMES => 0
I/System.out(  649): $ JOHN->run: internal call to JAMES.JAMES.JOSEPH->JAMES
I/System.out(  649): $# entering method JAMES.JAMES.JOSEPH->JAMES (internal origin)
I/System.out(  649): $# exiting method JAMES.JAMES.JOSEPH->JAMES
I/System.out(  649): $ JOHN->run: internal result from JAMES.JAMES.JOSEPH->JAMES => 0
I/System.out(  649): $ JOHN->run: internal call to JAMES.JAMES.CHARLES->JAMES
I/System.out(  649): $# entering method JAMES.JAMES.CHARLES->JAMES (internal origin)
I/System.out(  649): $ CHARLES->JAMES: internal call to JAMES.JAMES.DONALD->JAMES
I/System.out(  649): $# entering method JAMES.JAMES.DONALD->JAMES (internal origin)
I/System.out(  649): $ DONALD->JAMES: internal call to JAMES.JAMES.GEORGE->JOHN
I/System.out(  649): $# entering method JAMES.JAMES.GEORGE->JOHN (internal origin)
I/System.out(  649): $# exiting method JAMES.JAMES.GEORGE->JOHN
I/System.out(  649): $ DONALD->JAMES: internal result from JAMES.JAMES.GEORGE->JOHN => 0
I/System.out(  649): $# exiting method JAMES.JAMES.DONALD->JAMES
I/System.out(  649): $ CHARLES->JAMES: internal result from JAMES.JAMES.DONALD->JAMES => 0
I/System.out(  649): $ CHARLES->JAMES: external call to java.util.Random->nextInt => T=0
I/System.out(  649): $ CHARLES->JAMES: internal call to JAMES.JAMES.DONALD->JAMES
I/System.out(  649): $# entering method JAMES.JAMES.DONALD->JAMES (internal origin)
I/System.out(  649): $ DONALD->JAMES: ARG[0] = 0
I/System.out(  649): $ DONALD->JAMES: external call to java.nio.ByteBuffer->allocate => T=0
I/System.out(  649): $ DONALD->JAMES: external call to java.nio.ByteBuffer->put => T=0
I/System.out(  649): $ DONALD->JAMES: external call to java.nio.ByteBuffer->getLong => T=0
I/System.out(  649): $ DONALD->JAMES: external call to java.util.Random-><init> => T=0
I/System.out(  649): $ DONALD->JAMES: external call to java.nio.ByteBuffer->clear => T=0
I/System.out(  649): $ DONALD->JAMES: external call to java.lang.String->length => T=0
I/System.out(  649): $ DONALD->JAMES: external call to java.util.Random->nextInt => T=0
I/System.out(  649): $ DONALD->JAMES: external call to java.util.Random->nextInt => T=0
I/System.out(  649): $ DONALD->JAMES: external call to java.util.Random->nextInt => T=0
I/System.out(  649): $ DONALD->JAMES: external call to java.lang.String->valueOf => T=0
I/System.out(  649): $ DONALD->JAMES: external call to java.lang.StringBuilder-><init> => T=0
I/System.out(  649): $ DONALD->JAMES: external call to java.lang.StringBuilder->toString => T=0
I/System.out(  649): $ DONALD->JAMES: external call to java.util.Random->nextInt => T=0
I/System.out(  649): $ DONALD->JAMES: external call to java.util.Random->nextInt => T=0
I/System.out(  649): $ DONALD->JAMES: external call to java.util.Random->nextInt => T=0
I/System.out(  649): $ DONALD->JAMES: external call to java.lang.String->valueOf => T=0
I/System.out(  649): $ DONALD->JAMES: external call to java.lang.StringBuilder-><init> => T=0
I/System.out(  649): $ DONALD->JAMES: external call to java.lang.StringBuilder->toString => T=0
I/System.out(  649): $ DONALD->JAMES: external call to java.util.Random->nextInt => T=0
I/System.out(  649): $ DONALD->JAMES: external call to java.lang.String->valueOf => T=0
I/System.out(  649): $ DONALD->JAMES: external call to java.lang.StringBuilder-><init> => T=0
I/System.out(  649): $ DONALD->JAMES: external call to java.lang.StringBuilder->append => T=0
I/System.out(  649): $ DONALD->JAMES: external call to java.lang.StringBuilder->toString => T=0
I/System.out(  649): $ DONALD->JAMES: external call to java.lang.String->length => T=0
I/System.out(  649): $ DONALD->JAMES: external call to java.util.Random->nextInt => T=0
I/System.out(  649): $ DONALD->JAMES: external call to java.util.Random->nextInt => T=0
I/System.out(  649): $ DONALD->JAMES: external call to java.util.Random->nextInt => T=0
I/System.out(  649): $ DONALD->JAMES: external call to java.lang.String->valueOf => T=0
I/System.out(  649): $ DONALD->JAMES: external call to java.lang.StringBuilder-><init> => T=0
I/System.out(  649): $ DONALD->JAMES: external call to java.lang.StringBuilder->toString => T=0
I/System.out(  649): $ DONALD->JAMES: external call to java.util.Random->nextInt => T=0
I/System.out(  649): $ DONALD->JAMES: external call to java.lang.String->valueOf => T=0
I/System.out(  649): $ DONALD->JAMES: external call to java.lang.StringBuilder-><init> => T=0
I/System.out(  649): $ DONALD->JAMES: external call to java.lang.StringBuilder->append => T=0
I/System.out(  649): $ DONALD->JAMES: external call to java.lang.StringBuilder->toString => T=0
I/System.out(  649): $ DONALD->JAMES: external call to java.lang.String->length => T=0
I/System.out(  649): $ DONALD->JAMES: external call to java.util.Random->nextInt => T=0
I/System.out(  649): $ DONALD->JAMES: external call to java.util.Random->nextInt => T=0
I/System.out(  649): $ DONALD->JAMES: external call to java.util.Random->nextInt => T=0
I/System.out(  649): $ DONALD->JAMES: external call to java.lang.String->valueOf => T=0
I/System.out(  649): $ DONALD->JAMES: external call to java.lang.StringBuilder-><init> => T=0
I/System.out(  649): $ DONALD->JAMES: external call to java.lang.StringBuilder->toString => T=0
I/System.out(  649): $ DONALD->JAMES: external call to java.util.Random->nextInt => T=0
I/System.out(  649): $ DONALD->JAMES: external call to java.lang.String->valueOf => T=0
I/System.out(  649): $ DONALD->JAMES: external call to java.lang.StringBuilder-><init> => T=0
I/System.out(  649): $ DONALD->JAMES: external call to java.lang.StringBuilder->append => T=0
I/System.out(  649): $ DONALD->JAMES: external call to java.lang.StringBuilder->toString => T=0
I/System.out(  649): $ DONALD->JAMES: external call to java.lang.String->length => T=0
I/System.out(  649): $ DONALD->JAMES: external call to java.util.Random->nextInt => T=0
I/System.out(  649): $ DONALD->JAMES: external call to java.util.Random->nextInt => T=0
I/System.out(  649): $ DONALD->JAMES: external call to java.util.Random->nextInt => T=0
I/System.out(  649): $ DONALD->JAMES: external call to java.lang.String->valueOf => T=0
I/System.out(  649): $ DONALD->JAMES: external call to java.lang.StringBuilder-><init> => T=0
I/System.out(  649): $ DONALD->JAMES: external call to java.lang.StringBuilder->toString => T=0
I/System.out(  649): $ DONALD->JAMES: external call to java.util.Random->nextInt => T=0
I/System.out(  649): $ DONALD->JAMES: external call to java.util.Random->nextInt => T=0
I/System.out(  649): $ DONALD->JAMES: external call to java.util.Random->nextInt => T=0
I/System.out(  649): $ DONALD->JAMES: external call to java.lang.String->valueOf => T=0
I/System.out(  649): $ DONALD->JAMES: external call to java.lang.StringBuilder-><init> => T=0
I/System.out(  649): $ DONALD->JAMES: external call to java.lang.StringBuilder->toString => T=0
I/System.out(  649): $ DONALD->JAMES: external call to java.util.Random->nextInt => T=0
I/System.out(  649): $ DONALD->JAMES: external call to java.util.Random->nextInt => T=0
I/System.out(  649): $ DONALD->JAMES: external call to java.util.Random->nextInt => T=0
I/System.out(  649): $ DONALD->JAMES: external call to java.lang.String->valueOf => T=0
I/System.out(  649): $ DONALD->JAMES: external call to java.lang.StringBuilder-><init> => T=0
I/System.out(  649): $ DONALD->JAMES: external call to java.lang.StringBuilder->toString => T=0
I/System.out(  649): $ DONALD->JAMES: external call to java.lang.String->length => T=0
I/System.out(  649): $ DONALD->JAMES: external call to java.util.Random->nextInt => T=0
I/System.out(  649): $ DONALD->JAMES: external call to java.lang.String->valueOf => T=0
I/System.out(  649): $ DONALD->JAMES: external call to java.lang.StringBuilder-><init> => T=0
I/System.out(  649): $ DONALD->JAMES: external call to java.lang.StringBuilder->append => T=0
I/System.out(  649): $ DONALD->JAMES: external call to java.lang.StringBuilder->toString => T=0
I/System.out(  649): $ DONALD->JAMES: external call to java.lang.String->length => T=0
I/System.out(  649): $ DONALD->JAMES: external call to java.util.Random->nextInt => T=0
I/System.out(  649): $ DONALD->JAMES: external call to java.util.Random->nextInt => T=0
I/System.out(  649): $ DONALD->JAMES: external call to java.util.Random->nextInt => T=0
I/System.out(  649): $ DONALD->JAMES: external call to java.lang.String->valueOf => T=0
I/System.out(  649): $ DONALD->JAMES: external call to java.lang.StringBuilder-><init> => T=0
I/System.out(  649): $ DONALD->JAMES: external call to java.lang.StringBuilder->toString => T=0
I/System.out(  649): $ DONALD->JAMES: external call to java.util.Random->nextInt => T=0
I/System.out(  649): $ DONALD->JAMES: external call to java.util.Random->nextInt => T=0
I/System.out(  649): $ DONALD->JAMES: external call to java.util.Random->nextInt => T=0
I/System.out(  649): $ DONALD->JAMES: external call to java.lang.String->valueOf => T=0
I/System.out(  649): $ DONALD->JAMES: external call to java.lang.StringBuilder-><init> => T=0
I/System.out(  649): $ DONALD->JAMES: external call to java.lang.StringBuilder->toString => T=0
I/System.out(  649): $ DONALD->JAMES: external call to java.util.Random->nextInt => T=0
I/System.out(  649): $ DONALD->JAMES: external call to java.util.Random->nextInt => T=0
I/System.out(  649): $ DONALD->JAMES: external call to java.util.Random->nextInt => T=0
I/System.out(  649): $ DONALD->JAMES: external call to java.lang.String->valueOf => T=0
I/System.out(  649): $ DONALD->JAMES: external call to java.lang.StringBuilder-><init> => T=0
I/System.out(  649): $ DONALD->JAMES: external call to java.lang.StringBuilder->toString => T=0
I/System.out(  649): $ DONALD->JAMES: external call to java.lang.String->length => T=0
I/System.out(  649): $ DONALD->JAMES: external call to java.util.Random->nextInt => T=0
I/System.out(  649): $ DONALD->JAMES: external call to java.util.Random->nextInt => T=0
I/System.out(  649): $ DONALD->JAMES: external call to java.util.Random->nextInt => T=0
I/System.out(  649): $ DONALD->JAMES: external call to java.lang.String->valueOf => T=0
I/System.out(  649): $ DONALD->JAMES: external call to java.lang.StringBuilder-><init> => T=0
I/System.out(  649): $ DONALD->JAMES: external call to java.lang.StringBuilder->toString => T=0
I/System.out(  649): $ DONALD->JAMES: external call to java.util.Random->nextInt => T=0
I/System.out(  649): $ DONALD->JAMES: external call to java.lang.String->valueOf => T=0
I/System.out(  649): $ DONALD->JAMES: external call to java.lang.StringBuilder-><init> => T=0
I/System.out(  649): $ DONALD->JAMES: external call to java.lang.StringBuilder->append => T=0
I/System.out(  649): $ DONALD->JAMES: external call to java.lang.StringBuilder->toString => T=0
I/System.out(  649): $ DONALD->JAMES: external call to java.lang.String->length => T=0
I/System.out(  649): $ DONALD->JAMES: external call to java.util.Random->nextInt => T=0
I/System.out(  649): $ DONALD->JAMES: external call to java.util.Random->nextInt => T=0
I/System.out(  649): $ DONALD->JAMES: external call to java.util.Random->nextInt => T=0
I/System.out(  649): $ DONALD->JAMES: external call to java.lang.String->valueOf => T=0
I/System.out(  649): $ DONALD->JAMES: external call to java.lang.StringBuilder-><init> => T=0
I/System.out(  649): $ DONALD->JAMES: external call to java.lang.StringBuilder->toString => T=0
I/System.out(  649): $ DONALD->JAMES: external call to java.util.Random->nextInt => T=0
I/System.out(  649): $ DONALD->JAMES: external call to java.util.Random->nextInt => T=0
I/System.out(  649): $ DONALD->JAMES: external call to java.util.Random->nextInt => T=0
I/System.out(  649): $ DONALD->JAMES: external call to java.lang.String->valueOf => T=0
I/System.out(  649): $ DONALD->JAMES: external call to java.lang.StringBuilder-><init> => T=0
I/System.out(  649): $ DONALD->JAMES: external call to java.lang.StringBuilder->toString => T=0
I/System.out(  649): $ DONALD->JAMES: external call to java.lang.String->length => T=0
I/System.out(  649): $ DONALD->JAMES: external call to java.util.Random->nextInt => T=0
I/System.out(  649): $ DONALD->JAMES: external call to java.util.Random->nextInt => T=0
I/System.out(  649): $ DONALD->JAMES: external call to java.util.Random->nextInt => T=0
I/System.out(  649): $ DONALD->JAMES: external call to java.lang.String->valueOf => T=0
I/System.out(  649): $ DONALD->JAMES: external call to java.lang.StringBuilder-><init> => T=0
I/System.out(  649): $ DONALD->JAMES: external call to java.lang.StringBuilder->toString => T=0
I/System.out(  649): $ DONALD->JAMES: external call to java.lang.String->length => T=0
I/System.out(  649): $ DONALD->JAMES: external call to java.util.Random->nextInt => T=0
I/System.out(  649): $ DONALD->JAMES: external call to java.util.Random->nextInt => T=0
I/System.out(  649): $ DONALD->JAMES: external call to java.util.Random->nextInt => T=0
I/System.out(  649): $ DONALD->JAMES: external call to java.lang.String->valueOf => T=0
I/System.out(  649): $ DONALD->JAMES: external call to java.lang.StringBuilder-><init> => T=0
I/System.out(  649): $ DONALD->JAMES: external call to java.lang.StringBuilder->toString => T=0
I/System.out(  649): $ DONALD->JAMES: external call to java.util.Random->nextInt => T=0
I/System.out(  649): $ DONALD->JAMES: external call to java.lang.String->valueOf => T=0
I/System.out(  649): $ DONALD->JAMES: external call to java.lang.StringBuilder-><init> => T=0
I/System.out(  649): $ DONALD->JAMES: external call to java.lang.StringBuilder->append => T=0
I/System.out(  649): $ DONALD->JAMES: external call to java.lang.StringBuilder->toString => T=0
I/System.out(  649): $ DONALD->JAMES: external call to java.lang.String->length => T=0
I/System.out(  649): $ DONALD->JAMES: external call to java.util.Random->nextInt => T=0
I/System.out(  649): $ DONALD->JAMES: external call to java.util.Random->nextInt => T=0
I/System.out(  649): $ DONALD->JAMES: external call to java.util.Random->nextInt => T=0
I/System.out(  649): $ DONALD->JAMES: external call to java.lang.String->valueOf => T=0
I/System.out(  649): $ DONALD->JAMES: external call to java.lang.StringBuilder-><init> => T=0
I/System.out(  649): $ DONALD->JAMES: external call to java.lang.StringBuilder->toString => T=0
I/System.out(  649): $ DONALD->JAMES: external call to java.util.Random->nextInt => T=0
I/System.out(  649): $ DONALD->JAMES: external call to java.lang.String->valueOf => T=0
I/System.out(  649): $ DONALD->JAMES: external call to java.lang.StringBuilder-><init> => T=0
I/System.out(  649): $ DONALD->JAMES: external call to java.lang.StringBuilder->append => T=0
I/System.out(  649): $ DONALD->JAMES: external call to java.lang.StringBuilder->toString => T=0
I/System.out(  649): $ DONALD->JAMES: external call to java.lang.String->length => T=0
I/System.out(  649): $ DONALD->JAMES: external call to java.util.Random->nextInt => T=0
I/System.out(  649): $ DONALD->JAMES: external call to java.util.Random->nextInt => T=0
I/System.out(  649): $ DONALD->JAMES: external call to java.util.Random->nextInt => T=0
I/System.out(  649): $ DONALD->JAMES: external call to java.lang.String->valueOf => T=0
I/System.out(  649): $ DONALD->JAMES: external call to java.lang.StringBuilder-><init> => T=0
I/System.out(  649): $ DONALD->JAMES: external call to java.lang.StringBuilder->toString => T=0
I/System.out(  649): $ DONALD->JAMES: external call to java.util.Random->nextInt => T=0
I/System.out(  649): $ DONALD->JAMES: external call to java.util.Random->nextInt => T=0
I/System.out(  649): $ DONALD->JAMES: external call to java.util.Random->nextInt => T=0
I/System.out(  649): $ DONALD->JAMES: external call to java.lang.String->valueOf => T=0
I/System.out(  649): $ DONALD->JAMES: external call to java.lang.StringBuilder-><init> => T=0
I/System.out(  649): $ DONALD->JAMES: external call to java.lang.StringBuilder->toString => T=0
I/System.out(  649): $ DONALD->JAMES: external call to java.lang.String->length => T=0
I/System.out(  649): $ DONALD->JAMES: external call to java.util.Random->nextInt => T=0
I/System.out(  649): $ DONALD->JAMES: external call to java.util.Random->nextInt => T=0
I/System.out(  649): $ DONALD->JAMES: external call to java.util.Random->nextInt => T=0
I/System.out(  649): $ DONALD->JAMES: external call to java.lang.String->valueOf => T=0
I/System.out(  649): $ DONALD->JAMES: external call to java.lang.StringBuilder-><init> => T=0
I/System.out(  649): $ DONALD->JAMES: external call to java.lang.StringBuilder->toString => T=0
I/System.out(  649): $ DONALD->JAMES: external call to java.util.Random->nextInt => T=0
I/System.out(  649): $ DONALD->JAMES: external call to java.util.Random->nextInt => T=0
I/System.out(  649): $ DONALD->JAMES: external call to java.util.Random->nextInt => T=0
I/System.out(  649): $ DONALD->JAMES: external call to java.lang.String->valueOf => T=0
I/System.out(  649): $ DONALD->JAMES: external call to java.lang.StringBuilder-><init> => T=0
I/System.out(  649): $ DONALD->JAMES: external call to java.lang.StringBuilder->toString => T=0
I/System.out(  649): $ DONALD->JAMES: external call to java.util.Random->nextInt => T=0
I/System.out(  649): $ DONALD->JAMES: external call to java.util.Random->nextInt => T=0
I/System.out(  649): $ DONALD->JAMES: external call to java.util.Random->nextInt => T=0
I/System.out(  649): $ DONALD->JAMES: external call to java.lang.String->valueOf => T=0
I/System.out(  649): $ DONALD->JAMES: external call to java.lang.StringBuilder-><init> => T=0
I/System.out(  649): $ DONALD->JAMES: external call to java.lang.StringBuilder->toString => T=0
I/System.out(  649): $ DONALD->JAMES: external call to java.util.Random->nextInt => T=0
I/System.out(  649): $ DONALD->JAMES: external call to java.lang.String->valueOf => T=0
I/System.out(  649): $ DONALD->JAMES: external call to java.lang.StringBuilder-><init> => T=0
I/System.out(  649): $ DONALD->JAMES: external call to java.lang.StringBuilder->append => T=0
I/System.out(  649): $ DONALD->JAMES: external call to java.lang.StringBuilder->toString => T=0
I/System.out(  649): $ DONALD->JAMES: external call to java.lang.String->length => T=0
I/System.out(  649): $ DONALD->JAMES: external call to java.util.Random->nextBoolean => T=0
I/System.out(  649): $ DONALD->JAMES: external call to java.util.Random->nextInt => T=0
I/System.out(  649): $ DONALD->JAMES: external call to java.util.Random->nextInt => T=0
I/System.out(  649): $ DONALD->JAMES: external call to java.util.Random->nextInt => T=0
I/System.out(  649): $ DONALD->JAMES: external call to java.lang.String->valueOf => T=0
I/System.out(  649): $ DONALD->JAMES: external call to java.lang.StringBuilder-><init> => T=0
I/System.out(  649): $ DONALD->JAMES: external call to java.lang.StringBuilder->toString => T=0
I/System.out(  649): $ DONALD->JAMES: external call to java.util.Random->nextInt => T=0
I/System.out(  649): $ DONALD->JAMES: external call to java.util.Random->nextInt => T=0
I/System.out(  649): $ DONALD->JAMES: external call to java.util.Random->nextInt => T=0
I/System.out(  649): $ DONALD->JAMES: external call to java.lang.String->valueOf => T=0
I/System.out(  649): $ DONALD->JAMES: external call to java.lang.StringBuilder-><init> => T=0
I/System.out(  649): $ DONALD->JAMES: external call to java.lang.StringBuilder->toString => T=0
I/System.out(  649): $ DONALD->JAMES: external call to java.lang.String->length => T=0
I/System.out(  649): $ DONALD->JAMES: external call to java.util.Random->nextInt => T=0
I/System.out(  649): $ DONALD->JAMES: external call to java.util.Random->nextInt => T=0
I/System.out(  649): $ DONALD->JAMES: external call to java.util.Random->nextInt => T=0
I/System.out(  649): $ DONALD->JAMES: external call to java.lang.String->valueOf => T=0
I/System.out(  649): $ DONALD->JAMES: external call to java.lang.StringBuilder-><init> => T=0
I/System.out(  649): $ DONALD->JAMES: external call to java.lang.StringBuilder->toString => T=0
I/System.out(  649): $ DONALD->JAMES: external call to java.util.Random->nextInt => T=0
I/System.out(  649): $ DONALD->JAMES: external call to java.util.Random->nextInt => T=0
I/System.out(  649): $ DONALD->JAMES: external call to java.util.Random->nextInt => T=0
I/System.out(  649): $ DONALD->JAMES: external call to java.lang.String->valueOf => T=0
I/System.out(  649): $ DONALD->JAMES: external call to java.lang.StringBuilder-><init> => T=0
I/System.out(  649): $ DONALD->JAMES: external call to java.lang.StringBuilder->toString => T=0
I/System.out(  649): $ DONALD->JAMES: external call to java.util.Random->nextInt => T=0
I/System.out(  649): $ DONALD->JAMES: external call to java.util.Random->nextInt => T=0
I/System.out(  649): $ DONALD->JAMES: external call to java.util.Random->nextInt => T=0
I/System.out(  649): $ DONALD->JAMES: external call to java.lang.String->valueOf => T=0
I/System.out(  649): $ DONALD->JAMES: external call to java.lang.StringBuilder-><init> => T=0
I/System.out(  649): $ DONALD->JAMES: external call to java.lang.StringBuilder->toString => T=0
I/System.out(  649): $ DONALD->JAMES: external call to java.lang.String->length => T=0
I/System.out(  649): $ DONALD->JAMES: external call to java.util.Random->nextInt => T=0
I/System.out(  649): $ DONALD->JAMES: external call to java.lang.String->valueOf => T=0
I/System.out(  649): $ DONALD->JAMES: external call to java.lang.StringBuilder-><init> => T=0
I/System.out(  649): $ DONALD->JAMES: external call to java.lang.StringBuilder->append => T=0
I/System.out(  649): $ DONALD->JAMES: external call to java.lang.StringBuilder->toString => T=0
I/System.out(  649): $ DONALD->JAMES: external call to java.lang.String->length => T=0
I/System.out(  649): $ DONALD->JAMES: external call to java.util.Random->nextBoolean => T=0
I/System.out(  649): $ DONALD->JAMES: external call to java.util.Random->nextInt => T=0
I/System.out(  649): $ DONALD->JAMES: external call to java.util.Random->nextInt => T=0
I/System.out(  649): $ DONALD->JAMES: external call to java.util.Random->nextInt => T=0
I/System.out(  649): $ DONALD->JAMES: external call to java.lang.String->valueOf => T=0
I/System.out(  649): $ DONALD->JAMES: external call to java.lang.StringBuilder-><init> => T=0
I/System.out(  649): $ DONALD->JAMES: external call to java.lang.StringBuilder->toString => T=0
I/System.out(  649): $ DONALD->JAMES: external call to java.util.Random->nextInt => T=0
I/System.out(  649): $ DONALD->JAMES: external call to java.util.Random->nextInt => T=0
I/System.out(  649): $ DONALD->JAMES: external call to java.util.Random->nextInt => T=0
I/System.out(  649): $ DONALD->JAMES: external call to java.lang.String->valueOf => T=0
I/System.out(  649): $ DONALD->JAMES: external call to java.lang.StringBuilder-><init> => T=0
I/System.out(  649): $ DONALD->JAMES: external call to java.lang.StringBuilder->toString => T=0
I/System.out(  649): $ DONALD->JAMES: external call to java.util.Random->nextInt => T=0
I/System.out(  649): $ DONALD->JAMES: external call to java.util.Random->nextInt => T=0
I/System.out(  649): $ DONALD->JAMES: external call to java.util.Random->nextInt => T=0
I/System.out(  649): $ DONALD->JAMES: external call to java.lang.String->valueOf => T=0
I/System.out(  649): $ DONALD->JAMES: external call to java.lang.StringBuilder-><init> => T=0
I/System.out(  649): $ DONALD->JAMES: external call to java.lang.StringBuilder->toString => T=0
I/System.out(  649): $ DONALD->JAMES: external call to java.lang.String->length => T=0
I/System.out(  649): $ DONALD->JAMES: external call to java.util.Random->nextInt => T=0
I/System.out(  649): $ DONALD->JAMES: external call to java.util.Random->nextInt => T=0
I/System.out(  649): $ DONALD->JAMES: external call to java.util.Random->nextInt => T=0
I/System.out(  649): $ DONALD->JAMES: external call to java.lang.String->valueOf => T=0
I/System.out(  649): $ DONALD->JAMES: external call to java.lang.StringBuilder-><init> => T=0
I/System.out(  649): $ DONALD->JAMES: external call to java.lang.StringBuilder->toString => T=0
I/System.out(  649): $ DONALD->JAMES: external call to java.util.Random->nextInt => T=0
I/System.out(  649): $ DONALD->JAMES: external call to java.util.Random->nextInt => T=0
I/System.out(  649): $ DONALD->JAMES: external call to java.util.Random->nextInt => T=0
I/System.out(  649): $ DONALD->JAMES: external call to java.lang.String->valueOf => T=0
I/System.out(  649): $ DONALD->JAMES: external call to java.lang.StringBuilder-><init> => T=0
I/System.out(  649): $ DONALD->JAMES: external call to java.lang.StringBuilder->toString => T=0
I/System.out(  649): $ DONALD->JAMES: external call to java.util.Random->nextInt => T=0
I/System.out(  649): $ DONALD->JAMES: external call to java.lang.String->valueOf => T=0
I/System.out(  649): $ DONALD->JAMES: external call to java.lang.StringBuilder-><init> => T=0
I/System.out(  649): $ DONALD->JAMES: external call to java.lang.StringBuilder->append => T=0
I/System.out(  649): $ DONALD->JAMES: external call to java.lang.StringBuilder->toString => T=0
I/System.out(  649): $ DONALD->JAMES: external call to java.lang.String->length => T=0
I/System.out(  649): $ DONALD->JAMES: external call to java.util.Random->nextBoolean => T=0
I/System.out(  649): $ DONALD->JAMES: external call to java.lang.String->length => T=0
I/System.out(  649): $ DONALD->JAMES: external call to java.util.Random->nextInt => T=0
I/System.out(  649): $ DONALD->JAMES: external call to java.util.Random->nextInt => T=0
I/System.out(  649): $ DONALD->JAMES: external call to java.util.Random->nextInt => T=0
I/System.out(  649): $ DONALD->JAMES: external call to java.lang.String->valueOf => T=0
I/System.out(  649): $ DONALD->JAMES: external call to java.lang.StringBuilder-><init> => T=0
I/System.out(  649): $ DONALD->JAMES: external call to java.lang.StringBuilder->toString => T=0
I/System.out(  649): $ DONALD->JAMES: external call to java.util.Random->nextInt => T=0
I/System.out(  649): $ DONALD->JAMES: external call to java.util.Random->nextInt => T=0
I/System.out(  649): $ DONALD->JAMES: external call to java.util.Random->nextInt => T=0
I/System.out(  649): $ DONALD->JAMES: external call to java.lang.String->valueOf => T=0
I/System.out(  649): $ DONALD->JAMES: external call to java.lang.StringBuilder-><init> => T=0
I/System.out(  649): $ DONALD->JAMES: external call to java.lang.StringBuilder->toString => T=0
I/System.out(  649): $ DONALD->JAMES: external call to java.util.Random->nextInt => T=0
I/System.out(  649): $ DONALD->JAMES: external call to java.lang.String->valueOf => T=0
I/System.out(  649): $ DONALD->JAMES: external call to java.lang.StringBuilder-><init> => T=0
I/System.out(  649): $ DONALD->JAMES: external call to java.lang.StringBuilder->append => T=0
I/System.out(  649): $ DONALD->JAMES: external call to java.lang.StringBuilder->toString => T=0
I/System.out(  649): $ DONALD->JAMES: external call to java.lang.String->length => T=0
I/System.out(  649): $ DONALD->JAMES: external call to java.util.Random->nextInt => T=0
I/System.out(  649): $ DONALD->JAMES: external call to java.util.Random->nextInt => T=0
I/System.out(  649): $ DONALD->JAMES: external call to java.util.Random->nextInt => T=0
I/System.out(  649): $ DONALD->JAMES: external call to java.lang.String->valueOf => T=0
I/System.out(  649): $ DONALD->JAMES: external call to java.lang.StringBuilder-><init> => T=0
I/System.out(  649): $ DONALD->JAMES: external call to java.lang.StringBuilder->toString => T=0
I/System.out(  649): $ DONALD->JAMES: external call to java.util.Random->nextInt => T=0
I/System.out(  649): $ DONALD->JAMES: external call to java.util.Random->nextInt => T=0
I/System.out(  649): $ DONALD->JAMES: external call to java.util.Random->nextInt => T=0
I/System.out(  649): $ DONALD->JAMES: external call to java.lang.String->valueOf => T=0
I/System.out(  649): $ DONALD->JAMES: external call to java.lang.StringBuilder-><init> => T=0
I/System.out(  649): $ DONALD->JAMES: external call to java.lang.StringBuilder->toString => T=0
I/System.out(  649): $ DONALD->JAMES: external call to java.util.Random->nextInt => T=0
I/System.out(  649): $ DONALD->JAMES: external call to java.lang.String->valueOf => T=0
I/System.out(  649): $ DONALD->JAMES: external call to java.lang.StringBuilder-><init> => T=0
I/System.out(  649): $ DONALD->JAMES: external call to java.lang.StringBuilder->append => T=0
I/System.out(  649): $ DONALD->JAMES: external call to java.lang.StringBuilder->toString => T=0
I/System.out(  649): $ DONALD->JAMES: external call to java.lang.String->length => T=0
I/System.out(  649): $ DONALD->JAMES: external call to java.util.Random->nextInt => T=0
I/System.out(  649): $ DONALD->JAMES: external call to java.util.Random->nextInt => T=0
I/System.out(  649): $ DONALD->JAMES: external call to java.util.Random->nextInt => T=0
I/System.out(  649): $ DONALD->JAMES: external call to java.lang.String->valueOf => T=0
I/System.out(  649): $ DONALD->JAMES: external call to java.lang.StringBuilder-><init> => T=0
I/System.out(  649): $ DONALD->JAMES: external call to java.lang.StringBuilder->toString => T=0
I/System.out(  649): $ DONALD->JAMES: external call to java.util.Random->nextInt => T=0
I/System.out(  649): $ DONALD->JAMES: external call to java.util.Random->nextInt => T=0
I/System.out(  649): $ DONALD->JAMES: external call to java.util.Random->nextInt => T=0
I/System.out(  649): $ DONALD->JAMES: external call to java.lang.String->valueOf => T=0
I/System.out(  649): $ DONALD->JAMES: external call to java.lang.StringBuilder-><init> => T=0
I/System.out(  649): $ DONALD->JAMES: external call to java.lang.StringBuilder->toString => T=0
I/System.out(  649): $ DONALD->JAMES: external call to java.lang.String->length => T=0
I/System.out(  649): $ DONALD->JAMES: external call to java.util.Random->nextInt => T=0
I/System.out(  649): $ DONALD->JAMES: external call to java.lang.String->valueOf => T=0
I/System.out(  649): $ DONALD->JAMES: external call to java.lang.StringBuilder-><init> => T=0
I/System.out(  649): $ DONALD->JAMES: external call to java.lang.StringBuilder->append => T=0
I/System.out(  649): $ DONALD->JAMES: external call to java.lang.StringBuilder->toString => T=0
I/System.out(  649): $ DONALD->JAMES: external call to java.lang.String->length => T=0
I/System.out(  649): $ DONALD->JAMES: external call to java.util.Random->nextInt => T=0
I/System.out(  649): $ DONALD->JAMES: external call to java.util.Random->nextInt => T=0
I/System.out(  649): $ DONALD->JAMES: external call to java.util.Random->nextInt => T=0
I/System.out(  649): $ DONALD->JAMES: external call to java.lang.String->valueOf => T=0
I/System.out(  649): $ DONALD->JAMES: external call to java.lang.StringBuilder-><init> => T=0
I/System.out(  649): $ DONALD->JAMES: external call to java.lang.StringBuilder->toString => T=0
I/System.out(  649): $ DONALD->JAMES: external call to java.lang.String->length => T=0
I/System.out(  649): $ DONALD->JAMES: external call to java.util.Random->nextInt => T=0
I/System.out(  649): $ DONALD->JAMES: external call to java.util.Random->nextInt => T=0
I/System.out(  649): $ DONALD->JAMES: external call to java.util.Random->nextInt => T=0
I/System.out(  649): $ DONALD->JAMES: external call to java.lang.String->valueOf => T=0
I/System.out(  649): $ DONALD->JAMES: external call to java.lang.StringBuilder-><init> => T=0
I/System.out(  649): $ DONALD->JAMES: external call to java.lang.StringBuilder->toString => T=0
I/System.out(  649): $ DONALD->JAMES: external call to java.lang.String->length => T=0
I/System.out(  649): $ DONALD->JAMES: external call to java.util.Random->nextInt => T=0
I/System.out(  649): $ DONALD->JAMES: external call to java.util.Random->nextInt => T=0
I/System.out(  649): $ DONALD->JAMES: external call to java.util.Random->nextInt => T=0
I/System.out(  649): $ DONALD->JAMES: external call to java.lang.String->valueOf => T=0
I/System.out(  649): $ DONALD->JAMES: external call to java.lang.StringBuilder-><init> => T=0
I/System.out(  649): $ DONALD->JAMES: external call to java.lang.StringBuilder->toString => T=0
I/System.out(  649): $ DONALD->JAMES: external call to java.util.Random->nextInt => T=0
I/System.out(  649): $ DONALD->JAMES: external call to java.lang.String->valueOf => T=0
I/System.out(  649): $ DONALD->JAMES: external call to java.lang.StringBuilder-><init> => T=0
I/System.out(  649): $ DONALD->JAMES: external call to java.lang.StringBuilder->append => T=0
I/System.out(  649): $ DONALD->JAMES: external call to java.lang.StringBuilder->toString => T=0
I/System.out(  649): $ DONALD->JAMES: external call to java.lang.String->length => T=0
I/System.out(  649): $ DONALD->JAMES: external call to java.util.Random->nextInt => T=0
I/System.out(  649): $ DONALD->JAMES: external call to java.util.Random->nextInt => T=0
I/System.out(  649): $ DONALD->JAMES: external call to java.util.Random->nextInt => T=0
I/System.out(  649): $ DONALD->JAMES: external call to java.lang.String->valueOf => T=0
I/System.out(  649): $ DONALD->JAMES: external call to java.lang.StringBuilder-><init> => T=0
I/System.out(  649): $ DONALD->JAMES: external call to java.lang.StringBuilder->toString => T=0
I/System.out(  649): $ DONALD->JAMES: external call to java.lang.String->length => T=0
I/System.out(  649): $ DONALD->JAMES: external call to java.util.Random->nextInt => T=0
I/System.out(  649): $ DONALD->JAMES: external call to java.lang.String->valueOf => T=0
I/System.out(  649): $ DONALD->JAMES: external call to java.lang.StringBuilder-><init> => T=0
I/System.out(  649): $ DONALD->JAMES: external call to java.lang.StringBuilder->append => T=0
I/System.out(  649): $ DONALD->JAMES: external call to java.lang.StringBuilder->toString => T=0
I/System.out(  649): $ DONALD->JAMES: external call to java.lang.String->length => T=0
I/System.out(  649): $ DONALD->JAMES: external call to java.util.Random->nextInt => T=0
I/System.out(  649): $ DONALD->JAMES: external call to java.util.Random->nextInt => T=0
I/System.out(  649): $ DONALD->JAMES: external call to java.util.Random->nextInt => T=0
I/System.out(  649): $ DONALD->JAMES: external call to java.lang.String->valueOf => T=0
I/System.out(  649): $ DONALD->JAMES: external call to java.lang.StringBuilder-><init> => T=0
I/System.out(  649): $ DONALD->JAMES: external call to java.lang.StringBuilder->toString => T=0
I/System.out(  649): $ DONALD->JAMES: external call to java.lang.String->length => T=0
I/System.out(  649): $ DONALD->JAMES: external call to java.util.Random->nextInt => T=0
I/System.out(  649): $ DONALD->JAMES: external call to java.util.Random->nextInt => T=0
I/System.out(  649): $ DONALD->JAMES: external call to java.util.Random->nextInt => T=0
I/System.out(  649): $ DONALD->JAMES: external call to java.lang.String->valueOf => T=0
I/System.out(  649): $ DONALD->JAMES: external call to java.lang.StringBuilder-><init> => T=0
I/System.out(  649): $ DONALD->JAMES: external call to java.lang.StringBuilder->toString => T=0
I/System.out(  649): $ DONALD->JAMES: external call to java.util.Random->nextInt => T=0
I/System.out(  649): $ DONALD->JAMES: external call to java.util.Random->nextInt => T=0
I/System.out(  649): $ DONALD->JAMES: external call to java.util.Random->nextInt => T=0
I/System.out(  649): $ DONALD->JAMES: external call to java.lang.String->valueOf => T=0
I/System.out(  649): $ DONALD->JAMES: external call to java.lang.StringBuilder-><init> => T=0
I/System.out(  649): $ DONALD->JAMES: external call to java.lang.StringBuilder->toString => T=0
I/System.out(  649): $ DONALD->JAMES: external call to java.util.Random->nextInt => T=0
I/System.out(  649): $ DONALD->JAMES: external call to java.lang.String->valueOf => T=0
I/System.out(  649): $ DONALD->JAMES: external call to java.lang.StringBuilder-><init> => T=0
I/System.out(  649): $ DONALD->JAMES: external call to java.lang.StringBuilder->append => T=0
I/System.out(  649): $ DONALD->JAMES: external call to java.lang.StringBuilder->toString => T=0
I/System.out(  649): $ DONALD->JAMES: external call to java.lang.String->length => T=0
I/System.out(  649): $ DONALD->JAMES: external call to java.util.Random->nextInt => T=0
I/System.out(  649): $ DONALD->JAMES: external call to java.util.Random->nextInt => T=0
I/System.out(  649): $ DONALD->JAMES: external call to java.util.Random->nextInt => T=0
I/System.out(  649): $ DONALD->JAMES: external call to java.lang.String->valueOf => T=0
I/System.out(  649): $ DONALD->JAMES: external call to java.lang.StringBuilder-><init> => T=0
I/System.out(  649): $ DONALD->JAMES: external call to java.lang.StringBuilder->toString => T=0
I/System.out(  649): $ DONALD->JAMES: external call to java.util.Random->nextInt => T=0
I/System.out(  649): $ DONALD->JAMES: external call to java.lang.String->valueOf => T=0
I/System.out(  649): $ DONALD->JAMES: external call to java.lang.StringBuilder-><init> => T=0
I/System.out(  649): $ DONALD->JAMES: external call to java.lang.StringBuilder->append => T=0
I/System.out(  649): $ DONALD->JAMES: external call to java.lang.StringBuilder->toString => T=0
I/System.out(  649): $ DONALD->JAMES: external call to java.lang.String->length => T=0
I/System.out(  649): $ DONALD->JAMES: external call to java.util.Random->nextInt => T=0
I/System.out(  649): $ DONALD->JAMES: external call to java.util.Random->nextInt => T=0
I/System.out(  649): $ DONALD->JAMES: external call to java.util.Random->nextInt => T=0
I/System.out(  649): $ DONALD->JAMES: external call to java.lang.String->valueOf => T=0
I/System.out(  649): $ DONALD->JAMES: external call to java.lang.StringBuilder-><init> => T=0
I/System.out(  649): $ DONALD->JAMES: external call to java.lang.StringBuilder->toString => T=0
I/System.out(  649): $ DONALD->JAMES: external call to java.lang.String->length => T=0
I/System.out(  649): $ DONALD->JAMES: external call to java.util.Random->nextInt => T=0
I/System.out(  649): $ DONALD->JAMES: external call to java.util.Random->nextInt => T=0
I/System.out(  649): $ DONALD->JAMES: external call to java.util.Random->nextInt => T=0
I/System.out(  649): $ DONALD->JAMES: external call to java.lang.String->valueOf => T=0
I/System.out(  649): $ DONALD->JAMES: external call to java.lang.StringBuilder-><init> => T=0
I/System.out(  649): $ DONALD->JAMES: external call to java.lang.StringBuilder->toString => T=0
I/System.out(  649): $ DONALD->JAMES: external call to java.util.Random->nextInt => T=0
I/System.out(  649): $ DONALD->JAMES: external call to java.lang.String->valueOf => T=0
I/System.out(  649): $ DONALD->JAMES: external call to java.lang.StringBuilder-><init> => T=0
I/System.out(  649): $ DONALD->JAMES: external call to java.lang.StringBuilder->append => T=0
I/System.out(  649): $ DONALD->JAMES: external call to java.lang.StringBuilder->toString => T=0
I/System.out(  649): $ DONALD->JAMES: external call to java.lang.String->length => T=0
I/System.out(  649): $ DONALD->JAMES: external call to java.util.Random->nextBoolean => T=0
I/System.out(  649): $ DONALD->JAMES: external call to java.util.Random->nextInt => T=0
I/System.out(  649): $ DONALD->JAMES: external call to java.util.Random->nextInt => T=0
I/System.out(  649): $ DONALD->JAMES: external call to java.util.Random->nextInt => T=0
I/System.out(  649): $ DONALD->JAMES: external call to java.lang.String->valueOf => T=0
I/System.out(  649): $ DONALD->JAMES: external call to java.lang.StringBuilder-><init> => T=0
I/System.out(  649): $ DONALD->JAMES: external call to java.lang.StringBuilder->toString => T=0
I/System.out(  649): $ DONALD->JAMES: external call to java.util.Random->nextInt => T=0
I/System.out(  649): $ DONALD->JAMES: external call to java.lang.String->valueOf => T=0
I/System.out(  649): $ DONALD->JAMES: external call to java.lang.StringBuilder-><init> => T=0
I/System.out(  649): $ DONALD->JAMES: external call to java.lang.StringBuilder->append => T=0
I/System.out(  649): $ DONALD->JAMES: external call to java.lang.StringBuilder->toString => T=0
I/System.out(  649): $ DONALD->JAMES: external call to java.lang.String->length => T=0
I/System.out(  649): $ DONALD->JAMES: external call to java.util.Random->nextBoolean => T=0
I/System.out(  649): $ DONALD->JAMES: external call to java.lang.String->toLowerCase => T=0
I/System.out(  649): $ DONALD->JAMES: external call to java.util.Random->nextInt => T=0
I/System.out(  649): $ DONALD->JAMES: external call to org.json.JSONObject-><init> => T=0
I/System.out(  649): $ DONALD->JAMES: external call to org.json.JSONObject->put => T=0
I/System.out(  649): $ DONALD->JAMES: external call to org.json.JSONObject->put => T=0
I/System.out(  649): $# exiting method JAMES.JAMES.DONALD->JAMES
I/System.out(  649): $ CHARLES->JAMES: internal result from JAMES.JAMES.DONALD->JAMES => 0
I/System.out(  649): $ CHARLES->JAMES: external call to org.json.JSONObject->getString => T=0
I/System.out(  649): $ CHARLES->JAMES: external call to org.json.JSONObject->getString => T=0
I/System.out(  649): $ CHARLES->JAMES: external call to java.lang.StringBuilder-><init> => T=0
I/System.out(  649): $ CHARLES->JAMES: external call to java.lang.StringBuilder->append => T=0
I/System.out(  649): $ CHARLES->JAMES: external call to java.lang.StringBuilder->toString => T=0
I/System.out(  649): $ CHARLES->JAMES: internal call to JAMES.JAMES.MICHAEL-><init>
I/System.out(  649): $# entering method JAMES.JAMES.MICHAEL-><init> (internal origin)
I/System.out(  649): $ MICHAEL-><init>: external call to java.lang.Object-><init> => T=0
I/System.out(  649): $ MICHAEL-><init>: external call to org.apache.http.params.BasicHttpParams-><init> => T=0
I/System.out(  649): $ MICHAEL-><init>: external call to org.apache.http.params.HttpConnectionParams->setConnectionTimeout => T=0
I/System.out(  649): $ MICHAEL-><init>: internal call to JAMES.JAMES.KENNETH->JAMES
I/System.out(  649): $# entering method JAMES.JAMES.KENNETH->JAMES (internal origin)
I/System.out(  649): $ KENNETH->JAMES: external call to java.util.List->size => T=0
I/System.out(  649): $ KENNETH->JAMES: external call to java.util.Random->nextInt => T=0
I/System.out(  649): $ KENNETH->JAMES: external call to java.util.List->get => T=0
I/System.out(  649): $# exiting method JAMES.JAMES.KENNETH->JAMES
I/System.out(  649): $ MICHAEL-><init>: internal result from JAMES.JAMES.KENNETH->JAMES => 0
I/System.out(  649): $ MICHAEL-><init>: external call to org.apache.http.params.HttpProtocolParams->setUserAgent => T=0
I/System.out(  649): $ MICHAEL-><init>: external call to org.apache.http.impl.client.DefaultHttpClient-><init> => T=0
I/System.out(  649): $# exiting method JAMES.JAMES.MICHAEL-><init>
I/System.out(  649): $ CHARLES->JAMES: internal call to JAMES.JAMES.MICHAEL->JAMES
I/System.out(  649): $# entering method JAMES.JAMES.MICHAEL->JAMES (internal origin)
I/System.out(  649): $ MICHAEL->JAMES: external call to org.apache.http.client.methods.HttpGet-><init> => T=0
I/System.out(  649): $ MICHAEL->JAMES: external call to org.apache.http.client.HttpClient->execute => T=0
I/System.out(  649): $# exiting method JAMES.JAMES.CHARLES->JAMES
I/System.out(  649): $ JOHN->run: internal result from JAMES.JAMES.CHARLES->JAMES => 0
I/System.out(  649): $ JOHN->run: external call to android.content.Context->getSystemService => T=0
I/System.out(  649): $ system service request: connectivity => 0
I/System.out(  649): $ JOHN->run: external call to android.net.ConnectivityManager->getActiveNetworkInfo => T=0
I/System.out(  649): $ JOHN->run: internal call to JAMES.JAMES.KENNETH->JAMES
I/System.out(  649): $# entering method JAMES.JAMES.KENNETH->JAMES (internal origin)
I/System.out(  649): $ KENNETH->JAMES: ARG[0] = 0
I/System.out(  649): $ KENNETH->JAMES: ARG[1] = 0
I/System.out(  649): $ KENNETH->JAMES: external call to java.util.Random->nextInt => T=0
I/System.out(  649): $ KENNETH->JAMES: external call to java.lang.Thread->sleep => T=0
D/dalvikvm(  732): GC_EXPLICIT freed 2K, 53% free 2665K/5575K, external 0K/0K, paused 88ms
I/System.out(10972): $! tainted I/O request executed => T=536870920
I/System.out(10972): $! tainted data passed to Log.d => T=8
D/FlurryAgent(10972): Sending report to: http://data.flurry.com/aar.do
I/System.out(10972): $! tainted Apache HTTPClient request executed => T=8
D/dalvikvm(  744): GC_EXPLICIT freed 10K, 53% free 2723K/5767K, external 0K/0K, paused 71ms
D/dalvikvm(  758): GC_EXPLICIT freed 11K, 53% free 2691K/5639K, external 0K/0K, paused 84ms
D/dalvikvm(  766): GC_EXPLICIT freed 5K, 53% free 2674K/5639K, external 0K/0K, paused 77ms
D/dalvikvm(  702): GC_EXPLICIT freed 7K, 51% free 2929K/5895K, external 0K/0K, paused 87ms
