I/ActivityManager(  182): Start proc il.co.egv for activity il.co.egv/.fnc.MainActivity: pid=1064 uid=10063 gids={3003, 1015}
I/MAIN_ACTIVITY( 1064): on create
D/dalvikvm( 1064): GC_EXTERNAL_ALLOC freed 62K, 50% free 2724K/5379K, external 0K/0K, paused 55ms
D/dalvikvm( 1064): GC_EXTERNAL_ALLOC freed 63K, 48% free 2809K/5379K, external 288K/519K, paused 30ms
I/System.out( 1064): $ system service request: input_method => 0
I/CONFIG  ( 1064): lang code: ces
I/CONFIG  ( 1064): lang code: ces
I/CONFIG  ( 1064): pref FIRST_RUN_COMPLETED_PREF_KEY: false
I/ActivityManager(  182): Starting: Intent { cmp=il.co.egv/.fnc.FirstRunActivity } from pid 1064
D/dalvikvm( 1064): GC_CONCURRENT freed 201K, 49% free 2928K/5639K, external 689K/1147K, paused 2ms+5ms
I/System.out( 1064): $ system service request: input_method => 0
I/CONFIG  ( 1064): pref FIRST_RUN_PROCESSED: false
I/System.out( 1064): $ content query: content://sms/inbox => 2
I/SMS READER( 1064): phone: null; email: null
I/ActivityManager(  182): Starting: Intent { cmp=il.co.egv/.fnc.firstrun.CheckEmailActivity (has extras) } from pid 1064
I/CONFIG  ( 1064): lang code: ces
I/SERVER METHOD( 1064): http://abonent.findandcall.com/auth/checkLogin?login=masta%40programmer.net&lang=045
I/System.out( 1064): $ system service request: input_method => 0
I/ActivityManager(  182): Starting: Intent { cmp=il.co.egv/.fnc.firstrun.EnterPasswordActivity (has extras) } from pid 1064
D/dalvikvm( 1064): GC_CONCURRENT freed 329K, 48% free 3071K/5895K, external 814K/1147K, paused 4ms+4ms
I/CONFIG  ( 1064): lang code: ces
I/SERVER METHOD( 1064): http://abonent.findandcall.com/auth/login?appId=aaabbbccc&login=masta%40programmer.net&password=Meteora&lang=045
I/CONFIG  ( 1064): lang code: ces
I/SERVER METHOD( 1064): http://abonent.findandcall.com/profile/get?lang=045
I/System.out( 1064): $ system service request: input_method => 0
I/System.out( 1064): $ system service request: phone => 32
I/System.out( 1064): $ content query: content://com.android.contacts/contacts => 1
I/CHECK LOCATION( 1064): CHECK LOCATION
I/System.out( 1064): $ system service request: location => 8
I/System.out( 1064): $ system service request: location => 8
D/dalvikvm( 1064): GC_CONCURRENT freed 367K, 48% free 3205K/6087K, external 846K/1147K, paused 4ms+17ms
I/System.out( 1064): $ content query: content://com.android.contacts/data => 1
I/System.out( 1064): $ content query: content://com.android.contacts/data => 1
I/System.out( 1064): $ content query: content://com.android.contacts/data => 1
I/System.out( 1064): $ content query: content://com.android.contacts/data => 1
I/System.out( 1064): $ content query: content://com.android.contacts/data/phones => 1
I/System.out( 1064): $ content query: content://com.android.contacts/data/emails => 1
I/System.out( 1064): $ content query: content://com.android.contacts/data => 1
I/System.out( 1064): $ content query: content://com.android.contacts/data => 1
I/System.out( 1064): $ content query: content://com.android.contacts/data => 1
I/System.out( 1064): $ content query: content://com.android.contacts/data => 1
I/System.out( 1064): $ content query: content://com.android.contacts/data => 1
I/System.out( 1064): $ content query: content://com.android.contacts/data/phones => 1
I/System.out( 1064): $ content query: content://com.android.contacts/data/emails => 1
I/System.out( 1064): $ content query: content://com.android.contacts/data => 1
I/CONTACTS( 1064): added 1contacts
I/CONFIG  ( 1064): lang code: ces
I/SERVER METHOD( 1064): http://abonent.findandcall.com/profile/phoneBook?sid=null&lang=045
I/System.out( 1064): $! tainted Apache HTTPClient request executed => T=1
I/System.out( 1064): $ system service request: location => 8
D/dalvikvm( 1064): GC_CONCURRENT freed 296K, 47% free 3311K/6151K, external 880K/1147K, paused 2ms+4ms
I/CONFIG  ( 1064): lang code: ces
I/System.out( 1064): $! tainted data passed to Log.i => T=8
I/SERVER METHOD( 1064): http://abonent.findandcall.com/system/findLocationByPosition?longitude=0.11561115&latitude=52.20553339999999&lang=045
I/System.out( 1064): $! tainted Apache HTTPClient request executed => T=8
I/CONFIG  ( 1064): lang code: ces
I/System.out( 1064): $! tainted data passed to Log.i => T=8
I/SERVER METHOD( 1064): http://abonent.findandcall.com/profile/set?param=CITY&value=0&lang=045
I/System.out( 1064): $! tainted Apache HTTPClient request executed => T=8
I/CONFIG  ( 1064): lang code: ces
I/SERVER METHOD( 1064): http://abonent.findandcall.com/contact/friends?lang=045
I/CONFIG  ( 1064): pref FIRST_RUN_EMAIL_COMPLETED_PREF_KEY: false
D/dalvikvm( 1064): GC_CONCURRENT freed 433K, 48% free 3316K/6279K, external 880K/1147K, paused 6ms+5ms
I/System.out( 1064): $! tainted data passed to Context.startActivityForResult => T=2
I/ActivityManager(  182): Starting: Intent { cmp=il.co.egv/.fnc.findfriends.GetLoginPasswordActivity (has extras) } from pid 1064
W/InputManagerService(  182): Starting input on non-focused client com.android.internal.view.IInputMethodClient$Stub$Proxy@4096bab8 (uid=10063 pid=1064)
W/dalvikvm( 1064): InnerClass name has bad type (0x04, expected STRING or NULL)
W/KeyCharacterMap( 1064): No keyboard for id 131074
W/KeyCharacterMap( 1064): Using default keymap: /system/usr/keychars/qwerty.kcm.bin
I/System.out( 1064): $! tainted data passed to Context.startActivity => T=2
I/ActivityManager(  182): Starting: Intent { flg=0x24010000 cmp=il.co.egv/.fnc.MainActivity } from pid 1064
I/CONFIG  ( 1064): lang code: ces
I/CONFIG  ( 1064): pref FIRST_RUN_COMPLETED_PREF_KEY: true
I/ActivityManager(  182): Starting: Intent { cmp=il.co.egv/.fnc.RegularRunActivity } from pid 1064
I/System.out( 1064): $ system service request: input_method => 0
W/InputManagerService(  182): Starting input on non-focused client com.android.internal.view.IInputMethodClient$Stub$Proxy@4096bab8 (uid=10063 pid=1064)
I/REGULAR RUN( 1064): REGULAR RUN
I/CONFIG  ( 1064): lang code: ces
I/System.out( 1064): $! tainted data passed to Log.i => T=2
I/SERVER METHOD( 1064): http://abonent.findandcall.com/auth/login?appId=aaabbbccc&login=masta%40programmer.net&password=Meteora&lang=045
I/System.out( 1064): $! tainted Apache HTTPClient request executed => T=2
D/dalvikvm( 1064): GC_CONCURRENT freed 368K, 47% free 3372K/6279K, external 880K/1147K, paused 7ms+3ms
I/CONFIG  ( 1064): lang code: ces
I/System.out( 1064): $! tainted data passed to Log.i => T=2
I/SERVER METHOD( 1064): http://abonent.findandcall.com/profile/get?lang=045
I/System.out( 1064): $! tainted Apache HTTPClient request executed => T=2
I/CHECK LOCATION( 1064): CHECK LOCATION
I/CONFIG  ( 1064): lang code: ces
I/System.out( 1064): $! tainted data passed to Log.i => T=2
I/SERVER METHOD( 1064): http://abonent.findandcall.com/contact/friends?lang=045
I/System.out( 1064): $! tainted Apache HTTPClient request executed => T=2
I/System.out( 1064): $! tainted data passed to Context.startActivity => T=10
I/ActivityManager(  182): Starting: Intent { flg=0x24010000 cmp=il.co.egv/.fnc.MainActivity } from pid 1064
I/CONFIG  ( 1064): lang code: ces
I/CONFIG  ( 1064): pref FIRST_RUN_COMPLETED_PREF_KEY: true
I/ActivityManager(  182): Starting: Intent { cmp=il.co.egv/.fnc.RegularRunActivity } from pid 1064
I/System.out( 1064): $ system service request: input_method => 0
I/REGULAR RUN( 1064): REGULAR RUN
D/dalvikvm( 1064): GC_CONCURRENT freed 437K, 47% free 3381K/6343K, external 846K/1147K, paused 6ms+4ms
I/CONFIG  ( 1064): lang code: ces
I/System.out( 1064): $! tainted data passed to Log.i => T=10
I/SERVER METHOD( 1064): http://abonent.findandcall.com/auth/login?appId=aaabbbccc&login=masta%40programmer.net&password=Meteora&lang=045
I/System.out( 1064): $! tainted Apache HTTPClient request executed => T=10
I/CONFIG  ( 1064): lang code: ces
I/System.out( 1064): $! tainted data passed to Log.i => T=10
I/SERVER METHOD( 1064): http://abonent.findandcall.com/profile/get?lang=045
I/System.out( 1064): $! tainted Apache HTTPClient request executed => T=10
I/CHECK LOCATION( 1064): CHECK LOCATION
I/CONFIG  ( 1064): lang code: ces
I/System.out( 1064): $! tainted data passed to Log.i => T=10
I/SERVER METHOD( 1064): http://abonent.findandcall.com/contact/friends?lang=045
I/System.out( 1064): $! tainted Apache HTTPClient request executed => T=10
I/System.out( 1064): $! tainted data passed to Context.startActivity => T=10
I/ActivityManager(  182): Starting: Intent { flg=0x24010000 cmp=il.co.egv/.fnc.MainActivity } from pid 1064
I/CONFIG  ( 1064): lang code: ces
I/CONFIG  ( 1064): pref FIRST_RUN_COMPLETED_PREF_KEY: true
I/ActivityManager(  182): Starting: Intent { cmp=il.co.egv/.fnc.RegularRunActivity } from pid 1064
I/System.out( 1064): $ system service request: input_method => 0
W/IInputConnectionWrapper( 1064): showStatusIcon on inactive InputConnection
